<?php

declare(strict_types=1);

use Buildotter\Core\Many;
use Buildotter\Tests\MakerStandalone\fixtures\expected\BarBuilder;
use Buildotter\Tests\MakerStandalone\fixtures\expected\FooBuilder;

function random(): Faker\Generator
{
    return Faker\Factory::create();
}

function aFoo(): FooBuilder
{
    return FooBuilder::new();
}

/**
 * @return Buildotter\Tests\MakerStandalone\fixtures\Foo[]
 */
function someFoos(int|null $numberOfItems = null): array
{
    return Many::from(FooBuilder::class, $numberOfItems);
}

/**
 * @return FooBuilder[]
 */
function someFoosToBuild(int|null $numberOfItems = null): array
{
    return Many::toBuildFrom(FooBuilder::class, $numberOfItems);
}

function aBar(): BarBuilder
{
    return BarBuilder::new();
}

/**
 * @return Buildotter\Tests\MakerStandalone\fixtures\Bar[]
 */
function someBars(int|null $numberOfItems = null): array
{
    return Many::from(BarBuilder::class, $numberOfItems);
}

/**
 * @return BarBuilder[]
 */
function someBarsToBuild(int|null $numberOfItems = null): array
{
    return Many::toBuildFrom(BarBuilder::class, $numberOfItems);
}
