<?php

declare(strict_types=1);

use App\Fixtures\Builder\TopicBuilder;
use Buildotter\Core\RandomMultiple;

function aTopic(): TopicBuilder
{
    return TopicBuilder::random();
}

/**
 * @return App\Entity\Topic[]
 */
function someTopics(int|null $numberOfItems = null): array
{
    return RandomMultiple::from(TopicBuilder::class, $numberOfItems);
}

/**
 * @return TopicBuilder[]
 */
function someTopicsToBuild(int|null $numberOfItems = null): array
{
    return RandomMultiple::toBuildFrom(TopicBuilder::class, $numberOfItems);
}
