<?php

declare(strict_types=1);

namespace Buildotter\Tests\MakerStandalone\fixtures\expected;

use Buildotter\Core\BuildableWithArgUnpacking;
use Buildotter\Core\Buildatable;
use Buildotter\Tests\MakerStandalone\fixtures\Foo;

/**
 * @implements Buildatable<Foo>
 */
final class FooBuilder implements Buildatable
{
    use BuildableWithArgUnpacking;

    public function __construct(
        public string $name,
        public int $number,
        public \Buildotter\Tests\MakerStandalone\fixtures\Bar $bar,
    ) {
    }

    public static function random(): static
    {
        $random = \random();

        return new static(/** @TODO: Initialize its properties to commonly used or safe values */);
    }

    public function build(): Foo
    {
        return new Foo(
            $this->name,
            $this->number,
            $this->bar,
        );
    }
}
