<?php

function random(): Faker\Generator
{
    return \Faker\Factory::create();
}
